// Jest Snapshot v1, https://goo.gl/fbAQLP

exports[`NotFound Home form should match snapshot 1`] = `
<ReduxForm
  _reduxForm={null}
  destroyOnUnmount={true}
  dispatch={[Function]}
  enableReinitialize={false}
  forceUnregisterOnUnmount={false}
  form="homeForm"
  getFormState={[Function]}
  keepDirtyOnReinitialize={false}
  menus={
    Array [
      Object {
        "__v": 0,
        "_id": "5d08c85f4d6ea30b43bf6d3b",
        "data": "2019-11-04T22:16:00.000Z",
        "guarnicao1": "Batata Frita",
        "guarnicao2": "Ameixa da jamaica",
        "opcao1": "Omelete",
        "opcao2": "Bife",
        "pratoPrincipal": "Bacon",
        "salada": "Alface e tomate",
        "sobremesa": "Maça",
      },
      Object {
        "__v": 0,
        "_id": "5d08c85f4d6ea30b43bf6d3b",
        "data": "2019-11-05T22:16:00.000Z",
        "guarnicao1": "Batata Frita",
        "guarnicao2": "Ameixa da jamaica",
        "opcao1": "Omelete",
        "opcao2": "Bife",
        "pratoPrincipal": "Bacon",
        "salada": "Alface e tomate",
        "sobremesa": "Maça",
      },
      Object {
        "__v": 0,
        "_id": "5d08c85f4d6ea30b43bf6d3b",
        "data": "2019-11-06T22:16:00.000Z",
        "guarnicao1": "Batata Frita",
        "guarnicao2": "Ameixa da jamaica",
        "opcao1": "Omelete",
        "opcao2": "Bife",
        "pratoPrincipal": "Bacon",
        "salada": "Alface e tomate",
        "sobremesa": "Maça",
      },
      Object {
        "__v": 0,
        "_id": "5d08c85f4d6ea30b43bf6d3b",
        "data": "2019-11-07T22:16:00.000Z",
        "guarnicao1": "Batata Frita",
        "guarnicao2": "Ameixa da jamaica",
        "opcao1": "Omelete",
        "opcao2": "Bife",
        "pratoPrincipal": "Bacon",
        "salada": "Alface e tomate",
        "sobremesa": "Maça",
      },
      Object {
        "__v": 0,
        "_id": "5d08c85f4d6ea30b43bf6d3b",
        "data": "2019-11-08T22:16:00.000Z",
        "guarnicao1": "Batata Frita",
        "guarnicao2": "Ameixa da jamaica",
        "opcao1": "Omelete",
        "opcao2": "Bife",
        "pratoPrincipal": "Bacon",
        "salada": "Alface e tomate",
        "sobremesa": "Maça",
      },
    ]
  }
  onSubmit={[MockFunction]}
  persistentSubmitErrors={false}
  pure={true}
  shouldAsyncValidate={[Function]}
  shouldError={[Function]}
  shouldValidate={[Function]}
  shouldWarn={[Function]}
  store={
    Object {
      "dispatch": [Function],
      "getState": [Function],
      "replaceReducer": [Function],
      "subscribe": [Function],
      Symbol(observable): [Function],
    }
  }
  submitAsSideEffect={false}
  touchOnBlur={true}
  touchOnChange={false}
  updateUnregisteredFields={false}
/>
`;

exports[`NotFound Should match snapshot 1`] = `
<main
  className="Home"
>
  <article
    className="Center-container-horizontal s800"
  >
    <Connect(ReduxForm)
      fetchMenus={[Function]}
      menus={Array []}
      onSubmit={[Function]}
      setTab={[Function]}
      setTitle={[Function]}
      store={
        Object {
          "dispatch": [Function],
          "getState": [Function],
          "replaceReducer": [Function],
          "subscribe": [Function],
          Symbol(observable): [Function],
        }
      }
      tabIndex={0}
    />
  </article>
</main>
`;
